AR contadora245_12 behavioral D:/circuitos/EjerciciosParte2/ContadorA245_12.vhd sub00/vhpl19 1657840711
AR contadora9_10 behavioral D:/circuitos/EjerciciosParte2/ContadorA9_10.vhd sub00/vhpl15 1657840259
EN flipflopt2 NULL D:/circuitos/EjerciciosParte2/FlipFlopT2.vhd sub00/vhpl02 1657801597
AR flipflopt2 behavioral D:/circuitos/EjerciciosParte2/FlipFlopT2.vhd sub00/vhpl03 1657801598
AR registrodesplazamientoserie4 behavioral D:/circuitos/EjerciciosParte2/RegistroDesplazamientoSerie4.vhd sub00/vhpl07 1657838158
EN contadora15_9 NULL D:/circuitos/EjerciciosParte2/ContadorA15_9.vhd sub00/vhpl12 1657840013
EN srmaforomejorado15 NULL D:/circuitos/EjerciciosParte2/SrmaforoMejorado15.vhd sub00/vhpl22 1657841634
EN contadorsimple7 NULL D:/circuitos/EjerciciosParte2/ContadorSimple7.vhd sub00/vhpl10 1657839343
EN registrodesplazamientoserie4 NULL D:/circuitos/EjerciciosParte2/RegistroDesplazamientoSerie4.vhd sub00/vhpl06 1657838157
AR registro4bits3 behavioral D:/circuitos/EjerciciosParte2/Registro4Bits3.vhd sub00/vhpl05 1657837615
AR flipfopjk1 behavioral D:/circuitos/EjerciciosParte1/FlipFopJK1.vhd sub00/vhpl01 1657501158
EN flipfopjk1 NULL D:/circuitos/EjerciciosParte1/FlipFopJK1.vhd sub00/vhpl00 1657501157
AR contadorsecuencia6 behavioral D:/circuitos/EjerciciosParte2/ContadorSecuencia6.vhd sub00/vhpl09 1657838920
AR contadora15_9 behavioral D:/circuitos/EjerciciosParte2/ContadorA15_9.vhd sub00/vhpl13 1657840014
EN registro4bits3 NULL D:/circuitos/EjerciciosParte2/Registro4Bits3.vhd sub00/vhpl04 1657837614
EN contadora9_10 NULL D:/circuitos/EjerciciosParte2/ContadorA9_10.vhd sub00/vhpl14 1657840258
EN contadorsecuencia6 NULL D:/circuitos/EjerciciosParte2/ContadorSecuencia6.vhd sub00/vhpl08 1657838919
AR cronometro11 behavioral D:/circuitos/EjerciciosParte2/Cronometro11.vhd sub00/vhpl17 1657840506
EN contadora245_12 NULL D:/circuitos/EjerciciosParte2/ContadorA245_12.vhd sub00/vhpl18 1657840710
AR diagramadeestado13 behavioral D:/circuitos/EjerciciosParte2/DiagramaDeEstado13.vhd sub00/vhpl21 1657841020
AR srmaforomejorado15 behavioral D:/circuitos/EjerciciosParte2/SrmaforoMejorado15.vhd sub00/vhpl23 1657841635
EN diagramadeestado13 NULL D:/circuitos/EjerciciosParte2/DiagramaDeEstado13.vhd sub00/vhpl20 1657841019
AR contadorsimple7 behavioral D:/circuitos/EjerciciosParte2/ContadorSimple7.vhd sub00/vhpl11 1657839344
EN cronometro11 NULL D:/circuitos/EjerciciosParte2/Cronometro11.vhd sub00/vhpl16 1657840505
