EN ejemplogen NULL D:/circuitos/TrabajoLogicaSecuencial/GenericDisenioContadores.vhd sub00/vhpl23 1657598210
AR cont arq_cont D:/circuitos/TrabajoLogicaSecuencial/ContadorEnteros.vhd sub00/vhpl19 1657597534
AR latch behavioral D:/circuitos/TrabajoLogicaSecuencial/LatchProceso.vhd sub00/vhpl01 1657567211
AR diag arq_diag D:/circuitos/TrabajoLogicaSecuencial/DiagramaEstados.vhd sub00/vhpl28 1657599172
AR reg4 a_reg4 D:/circuitos/TrabajoLogicaSecuencial/RegistroParalelo4Bits.vhd sub00/vhpl13 1657590532
EN megafunciones_generic NULL D:/circuitos/TrabajoLogicaSecuencial/MegafuncionesGeneric.vhd sub00/vhpl21 1657597699
EN flip NULL D:/circuitos/TrabajoLogicaSecuencial/FlipFlopDConReset.vhd sub00/vhpl04 1657597824
EN ffd NULL D:/circuitos/TrabajoLogicaSecuencial/FlipFlopDBA.vhd sub00/vhpl02 1657572241
AR contador pins D:/circuitos/TrabajoLogicaSecuencial/AsignacionPins.vhd sub00/vhpl16 1657593387
EN diag NULL D:/circuitos/TrabajoLogicaSecuencial/DiagramaEstados.vhd sub00/vhpl27 1657599171
AR contador a_contador D:/circuitos/TrabajoLogicaSecuencial/ContadorUpDown.vhd sub00/vhpl20 1657594167
AR ejemplogen behavioral D:/circuitos/TrabajoLogicaSecuencial/GenericDisenioContadores.vhd sub00/vhpl24 1657598211
AR flip flop D:/circuitos/TrabajoLogicaSecuencial/FlipFlopDConReset.vhd sub00/vhpl05 1657597825
AR reg arqreg D:/circuitos/TrabajoLogicaSecuencial/RegistroParalelo.vhd sub00/vhpl11 1657590203
AR megafunciones_generic behavioral D:/circuitos/TrabajoLogicaSecuencial/MegafuncionesGeneric.vhd sub00/vhpl22 1657597700
AR contador modulo D:/circuitos/TrabajoLogicaSecuencial/ContadorUpDownConCargaParalelo.vhd sub00/vhpl17 1657594557
AR ffsr a_ffsr D:/circuitos/TrabajoLogicaSecuencial/FlipFlopConSR.vhd sub00/vhpl07 1657574261
EN latch NULL D:/circuitos/TrabajoLogicaSecuencial/LatchProceso.vhd sub00/vhpl00 1657567210
EN maquinaestado NULL D:/circuitos/TrabajoLogicaSecuencial/DiagramaDeEstados.vhd sub00/vhpl25 1657598354
AR registro serie D:/circuitos/TrabajoLogicaSecuencial/registroSerieConVariables.vhd sub00/vhpl09 1657589937
AR ffd arq_ffd D:/circuitos/TrabajoLogicaSecuencial/FlipFlopDBA.vhd sub00/vhpl03 1657572242
EN ffsr NULL D:/circuitos/TrabajoLogicaSecuencial/FlipFlopConSR.vhd sub00/vhpl06 1657574260
EN reg4 NULL D:/circuitos/TrabajoLogicaSecuencial/RegistroParalelo4Bits.vhd sub00/vhpl12 1657590531
EN contador NULL D:/circuitos/TrabajoLogicaSecuencial/ContadorUpDownConCargaParalelo.vhd sub00/vhpl14 1657594556
EN reg NULL D:/circuitos/TrabajoLogicaSecuencial/RegistroParalelo.vhd sub00/vhpl10 1657590202
EN cont NULL D:/circuitos/TrabajoLogicaSecuencial/ContadorEnteros.vhd sub00/vhpl18 1657597533
AR contador cuenta D:/circuitos/TrabajoLogicaSecuencial/ContadorBinario4Bits.vhd sub00/vhpl15 1657593420
EN registro NULL D:/circuitos/TrabajoLogicaSecuencial/registroSerieConVariables.vhd sub00/vhpl08 1657589936
AR maquinaestado behavioral D:/circuitos/TrabajoLogicaSecuencial/DiagramaDeEstados.vhd sub00/vhpl26 1657598355
