V3 3
FL D:/circuitos/maquinaEstado/dispensadorAlcohol.vhd 2022/05/23.11:40:27 P.20131013
EN work/dispensador 1653324030 \
      FL D:/circuitos/maquinaEstado/dispensadorAlcohol.vhd PB ieee/std_logic_1164 1381692176
AR work/dispensador/Behavioral 1653324031 \
      FL D:/circuitos/maquinaEstado/dispensadorAlcohol.vhd EN work/dispensador 1653324030
